// Bun Snapshot v1, https://bun.sh/docs/test/snapshots

exports[`public API contract the OpenAPI document matches the snapshot 1`] = `
{
  "components": {
    "schemas": {},
  },
  "info": {
    "description": "Development documentation",
    "title": "Template API",
    "version": "0.0.0",
  },
  "openapi": "3.1.2",
  "paths": {
    "/api/auth/*": {
      "delete": {
        "operationId": "allApiAuth*",
      },
      "get": {
        "operationId": "allApiAuth*",
      },
      "head": {
        "operationId": "allApiAuth*",
      },
      "options": {
        "operationId": "allApiAuth*",
      },
      "patch": {
        "operationId": "allApiAuth*",
      },
      "post": {
        "operationId": "allApiAuth*",
      },
      "put": {
        "operationId": "allApiAuth*",
      },
      "trace": {
        "operationId": "allApiAuth*",
      },
    },
    "/api/example-posts/": {
      "get": {
        "operationId": "getApiExample-posts",
        "parameters": [
          {
            "in": "query",
            "name": "cursor",
            "required": false,
            "schema": {
              "maxLength": 200,
              "type": "string",
            },
          },
          {
            "in": "query",
            "name": "limit",
            "required": false,
            "schema": {
              "anyOf": [
                {
                  "default": 0,
                  "format": "integer",
                  "type": "string",
                },
                {
                  "maximum": 50,
                  "minimum": 1,
                  "type": "integer",
                },
              ],
              "maximum": 50,
              "minimum": 1,
            },
          },
        ],
        "responses": {
          "200": {
            "content": {
              "application/json": {
                "schema": {
                  "additionalProperties": false,
                  "properties": {
                    "items": {
                      "items": {
                        "additionalProperties": false,
                        "properties": {
                          "author": {
                            "properties": {
                              "id": {
                                "type": "string",
                              },
                              "name": {
                                "type": "string",
                              },
                            },
                            "required": [
                              "id",
                              "name",
                            ],
                            "type": "object",
                          },
                          "body": {
                            "type": "string",
                          },
                          "createdAt": {
                            "format": "date-time",
                            "type": "string",
                          },
                          "id": {
                            "format": "uuid",
                            "type": "string",
                          },
                          "likeCount": {
                            "anyOf": [
                              {
                                "default": 0,
                                "format": "integer",
                                "type": "string",
                              },
                              {
                                "minimum": 0,
                                "type": "integer",
                              },
                            ],
                            "minimum": 0,
                          },
                          "likedByMe": {
                            "type": "boolean",
                          },
                        },
                        "required": [
                          "author",
                          "body",
                          "createdAt",
                          "id",
                          "likeCount",
                          "likedByMe",
                        ],
                        "type": "object",
                      },
                      "type": "array",
                    },
                    "nextCursor": {
                      "nullable": true,
                      "type": [
                        "string",
                        "null",
                      ],
                    },
                  },
                  "required": [
                    "items",
                    "nextCursor",
                  ],
                  "type": "object",
                },
              },
            },
            "description": "Response for status 200",
          },
          "400": {
            "content": {
              "application/json": {
                "schema": {
                  "additionalProperties": false,
                  "properties": {
                    "code": {
                      "type": "string",
                    },
                    "message": {
                      "type": "string",
                    },
                  },
                  "required": [
                    "code",
                    "message",
                  ],
                  "type": "object",
                },
              },
            },
            "description": "Response for status 400",
          },
          "401": {
            "content": {
              "application/json": {
                "schema": {
                  "additionalProperties": false,
                  "properties": {
                    "code": {
                      "type": "string",
                    },
                    "message": {
                      "type": "string",
                    },
                  },
                  "required": [
                    "code",
                    "message",
                  ],
                  "type": "object",
                },
              },
            },
            "description": "Response for status 401",
          },
        },
      },
      "post": {
        "operationId": "postApiExample-posts",
        "requestBody": {
          "content": {
            "application/json": {
              "schema": {
                "additionalProperties": false,
                "properties": {
                  "body": {
                    "maxLength": 1000,
                    "type": "string",
                  },
                },
                "required": [
                  "body",
                ],
                "type": "object",
              },
            },
            "application/x-www-form-urlencoded": {
              "schema": {
                "additionalProperties": false,
                "properties": {
                  "body": {
                    "maxLength": 1000,
                    "type": "string",
                  },
                },
                "required": [
                  "body",
                ],
                "type": "object",
              },
            },
            "multipart/form-data": {
              "schema": {
                "additionalProperties": false,
                "properties": {
                  "body": {
                    "maxLength": 1000,
                    "type": "string",
                  },
                },
                "required": [
                  "body",
                ],
                "type": "object",
              },
            },
          },
          "required": true,
        },
        "responses": {
          "201": {
            "content": {
              "application/json": {
                "schema": {
                  "additionalProperties": false,
                  "properties": {
                    "author": {
                      "properties": {
                        "id": {
                          "type": "string",
                        },
                        "name": {
                          "type": "string",
                        },
                      },
                      "required": [
                        "id",
                        "name",
                      ],
                      "type": "object",
                    },
                    "body": {
                      "type": "string",
                    },
                    "createdAt": {
                      "format": "date-time",
                      "type": "string",
                    },
                    "id": {
                      "format": "uuid",
                      "type": "string",
                    },
                    "likeCount": {
                      "anyOf": [
                        {
                          "default": 0,
                          "format": "integer",
                          "type": "string",
                        },
                        {
                          "minimum": 0,
                          "type": "integer",
                        },
                      ],
                      "minimum": 0,
                    },
                    "likedByMe": {
                      "type": "boolean",
                    },
                  },
                  "required": [
                    "author",
                    "body",
                    "createdAt",
                    "id",
                    "likeCount",
                    "likedByMe",
                  ],
                  "type": "object",
                },
              },
            },
            "description": "Response for status 201",
          },
          "401": {
            "content": {
              "application/json": {
                "schema": {
                  "additionalProperties": false,
                  "properties": {
                    "code": {
                      "type": "string",
                    },
                    "message": {
                      "type": "string",
                    },
                  },
                  "required": [
                    "code",
                    "message",
                  ],
                  "type": "object",
                },
              },
            },
            "description": "Response for status 401",
          },
          "422": {
            "content": {
              "application/json": {
                "schema": {
                  "additionalProperties": false,
                  "properties": {
                    "code": {
                      "type": "string",
                    },
                    "message": {
                      "type": "string",
                    },
                  },
                  "required": [
                    "code",
                    "message",
                  ],
                  "type": "object",
                },
              },
            },
            "description": "Response for status 422",
          },
        },
      },
    },
    "/api/example-posts/{id}": {
      "delete": {
        "operationId": "deleteApiExample-postsById",
        "parameters": [
          {
            "in": "path",
            "name": "id",
            "required": true,
            "schema": {
              "format": "uuid",
              "type": "string",
            },
          },
        ],
        "responses": {
          "204": {
            "content": {
              "type": "undefined",
            },
            "description": "Response for status 204",
          },
          "401": {
            "content": {
              "application/json": {
                "schema": {
                  "additionalProperties": false,
                  "properties": {
                    "code": {
                      "type": "string",
                    },
                    "message": {
                      "type": "string",
                    },
                  },
                  "required": [
                    "code",
                    "message",
                  ],
                  "type": "object",
                },
              },
            },
            "description": "Response for status 401",
          },
          "403": {
            "content": {
              "application/json": {
                "schema": {
                  "additionalProperties": false,
                  "properties": {
                    "code": {
                      "type": "string",
                    },
                    "message": {
                      "type": "string",
                    },
                  },
                  "required": [
                    "code",
                    "message",
                  ],
                  "type": "object",
                },
              },
            },
            "description": "Response for status 403",
          },
          "404": {
            "content": {
              "application/json": {
                "schema": {
                  "additionalProperties": false,
                  "properties": {
                    "code": {
                      "type": "string",
                    },
                    "message": {
                      "type": "string",
                    },
                  },
                  "required": [
                    "code",
                    "message",
                  ],
                  "type": "object",
                },
              },
            },
            "description": "Response for status 404",
          },
        },
      },
    },
    "/api/example-posts/{id}/like": {
      "delete": {
        "operationId": "deleteApiExample-postsByIdLike",
        "parameters": [
          {
            "in": "path",
            "name": "id",
            "required": true,
            "schema": {
              "format": "uuid",
              "type": "string",
            },
          },
        ],
        "responses": {
          "200": {
            "content": {
              "application/json": {
                "schema": {
                  "additionalProperties": false,
                  "properties": {
                    "likeCount": {
                      "anyOf": [
                        {
                          "default": 0,
                          "format": "integer",
                          "type": "string",
                        },
                        {
                          "minimum": 0,
                          "type": "integer",
                        },
                      ],
                      "minimum": 0,
                    },
                    "likedByMe": {
                      "type": "boolean",
                    },
                  },
                  "required": [
                    "likeCount",
                    "likedByMe",
                  ],
                  "type": "object",
                },
              },
            },
            "description": "Response for status 200",
          },
          "401": {
            "content": {
              "application/json": {
                "schema": {
                  "additionalProperties": false,
                  "properties": {
                    "code": {
                      "type": "string",
                    },
                    "message": {
                      "type": "string",
                    },
                  },
                  "required": [
                    "code",
                    "message",
                  ],
                  "type": "object",
                },
              },
            },
            "description": "Response for status 401",
          },
          "404": {
            "content": {
              "application/json": {
                "schema": {
                  "additionalProperties": false,
                  "properties": {
                    "code": {
                      "type": "string",
                    },
                    "message": {
                      "type": "string",
                    },
                  },
                  "required": [
                    "code",
                    "message",
                  ],
                  "type": "object",
                },
              },
            },
            "description": "Response for status 404",
          },
        },
      },
      "put": {
        "operationId": "putApiExample-postsByIdLike",
        "parameters": [
          {
            "in": "path",
            "name": "id",
            "required": true,
            "schema": {
              "format": "uuid",
              "type": "string",
            },
          },
        ],
        "responses": {
          "200": {
            "content": {
              "application/json": {
                "schema": {
                  "additionalProperties": false,
                  "properties": {
                    "likeCount": {
                      "anyOf": [
                        {
                          "default": 0,
                          "format": "integer",
                          "type": "string",
                        },
                        {
                          "minimum": 0,
                          "type": "integer",
                        },
                      ],
                      "minimum": 0,
                    },
                    "likedByMe": {
                      "type": "boolean",
                    },
                  },
                  "required": [
                    "likeCount",
                    "likedByMe",
                  ],
                  "type": "object",
                },
              },
            },
            "description": "Response for status 200",
          },
          "401": {
            "content": {
              "application/json": {
                "schema": {
                  "additionalProperties": false,
                  "properties": {
                    "code": {
                      "type": "string",
                    },
                    "message": {
                      "type": "string",
                    },
                  },
                  "required": [
                    "code",
                    "message",
                  ],
                  "type": "object",
                },
              },
            },
            "description": "Response for status 401",
          },
          "404": {
            "content": {
              "application/json": {
                "schema": {
                  "additionalProperties": false,
                  "properties": {
                    "code": {
                      "type": "string",
                    },
                    "message": {
                      "type": "string",
                    },
                  },
                  "required": [
                    "code",
                    "message",
                  ],
                  "type": "object",
                },
              },
            },
            "description": "Response for status 404",
          },
        },
      },
    },
    "/api/health/": {
      "get": {
        "operationId": "getApiHealth",
        "responses": {
          "200": {
            "content": {
              "application/json": {
                "schema": {
                  "properties": {
                    "status": {
                      "const": "ok",
                      "type": "string",
                    },
                  },
                  "required": [
                    "status",
                  ],
                  "type": "object",
                },
              },
            },
            "description": "Response for status 200",
          },
        },
      },
    },
    "/api/health/ready": {
      "get": {
        "operationId": "getApiHealthReady",
        "responses": {
          "200": {
            "content": {
              "application/json": {
                "schema": {
                  "properties": {
                    "status": {
                      "const": "ready",
                      "type": "string",
                    },
                  },
                  "required": [
                    "status",
                  ],
                  "type": "object",
                },
              },
            },
            "description": "Response for status 200",
          },
          "503": {
            "content": {
              "application/json": {
                "schema": {
                  "properties": {
                    "status": {
                      "const": "unavailable",
                      "type": "string",
                    },
                  },
                  "required": [
                    "status",
                  ],
                  "type": "object",
                },
              },
            },
            "description": "Response for status 503",
          },
        },
      },
    },
    "/api/me": {
      "get": {
        "operationId": "getApiMe",
        "responses": {
          "200": {
            "content": {
              "application/json": {
                "schema": {
                  "properties": {
                    "email": {
                      "type": "string",
                    },
                    "id": {
                      "type": "string",
                    },
                    "name": {
                      "type": "string",
                    },
                  },
                  "required": [
                    "email",
                    "id",
                    "name",
                  ],
                  "type": "object",
                },
              },
            },
            "description": "Response for status 200",
          },
          "401": {
            "content": {
              "application/json": {
                "schema": {
                  "additionalProperties": false,
                  "properties": {
                    "code": {
                      "type": "string",
                    },
                    "message": {
                      "type": "string",
                    },
                  },
                  "required": [
                    "code",
                    "message",
                  ],
                  "type": "object",
                },
              },
            },
            "description": "Response for status 401",
          },
        },
      },
    },
  },
}
`;
